
> weather-app@1.0.0 build
> vite build

[36mvite v5.4.21 [32mbuilding for production...[36m[39m
transforming...
[32mΓ£ô[39m 842 modules transformed.
rendering chunks...
computing gzip size...
[2mdist/[22m[32mindex.html                 [39m[1m[2m  0.68 kB[22m[1m[22m[2m Γöé gzip:   0.39 kB[22m
[2mdist/[22m[35massets/index-DQLSY6sg.css  [39m[1m[2m 17.52 kB[22m[1m[22m[2m Γöé gzip:   3.82 kB[22m
[2mdist/[22m[36massets/index-BEj5y1Ko.js   [39m[1m[33m555.45 kB[39m[22m[2m Γöé gzip: 158.74 kB[22m

(!) Some chunks are larger than 500 kB after minification. Consider:
- Using dynamic import() to code-split the application
- Use build.rollupOptions.output.manualChunks to improve chunking: https://rollupjs.org/configuration-options/#output-manualchunks
- Adjust chunk size limit for this warning via build.chunkSizeWarningLimit.
[32mΓ£ô built in 16.39s[39m
